[Success]: Registered: BronzeArmorMesh_Mat@winter.png
[Success]: Registered: helmet_bronze_mat@winter.png
[Success]: Registered: carapacearmor_mat@winter.png
[Success]: Registered: helmet_iron_mat@winter.png
[Success]: Registered: IronArmorChest_mat@winter.png
[Success]: Registered: IronArmorPlayer_legs#LegsTex@winter.png
[Success]: Registered: CapeDeerHide@winter.png
[Success]: Registered: helmet_leather_mat@winter.png
[Success]: Registered: LeatherChest#ChestTex@winter.png
[Success]: Registered: LeatherPants#LegsTex@winter.png
[Success]: Registered: feathercape_mat@winter.png
[Success]: Registered: MageArmor_mat@winter.png
[Success]: Registered: LoxCape_Mat@winter.png
[Success]: Registered: PaddedChest_mat#ChestTex@winter.png
[Success]: Registered: PaddedLegs_mat#LegsTex@winter.png
[Success]: Registered: Padded_mat@winter.png
[Success]: Registered: RagsChest#ChestTex@winter.png
[Success]: Registered: RagsLegs#LegsTex@winter.png
[Success]: Registered: CapeTrollHide@fall.png
[Success]: Registered: CapeTrollHide@winter.png
[Success]: Registered: helmet_trollleather@fall.png
[Success]: Registered: helmet_trollleather@winter.png
[Success]: Registered: TrollLeatherChest#ChestTex@fall.png
[Success]: Registered: TrollLeatherChest#ChestTex@winter.png
[Success]: Registered: TrollLeatherPants#LegsTex@fall.png
[Success]: Registered: TrollLeatherPants#LegsTex@winter.png
[Success]: Registered: SilverArmourChest_mat@fall.png
[Success]: Registered: WolfCape@fall.png
[Success]: Registered: blob@fall.png
[Success]: Registered: blob@spring.png
[Success]: Registered: blob@winter.png
[Success]: Registered: Boar Skin Valheim@fall.png
[Success]: Registered: Deathsquito_mat@fall.png
[Success]: Registered: Deathsquito_mat@spring.png
[Success]: Registered: Deathsquito_mat@winter.png
[Success]: Registered: Deer 2@fall.png
[Success]: Registered: gjall_mat@winter.png
[Success]: Registered: goblin@spring.png
[Success]: Registered: GoblinBrute_mat@spring.png
[Success]: Registered: GoblinShaman_mat@spring.png
[Success]: Registered: greydwarf@winter.png
[Success]: Registered: greydwarf_shaman@winter.png
[Success]: Registered: seagal@fall.png
[Success]: Registered: seagal@spring.png
[Success]: Registered: Hare_mat@fall.png
[Success]: Registered: Hare_mat@winter.png
[Success]: Registered: swampfish@winter.png
[Success]: Registered: HildirsLox@winter.png
[Success]: Registered: lox@winter.png
[Success]: Registered: lox_calf@winter.png
[Success]: Registered: neck@fall.png
[Success]: Registered: neck@spring.png
[Success]: Registered: neck@winter.png
[Success]: Registered: blob_elite@fall.png
[Success]: Registered: blob_elite@spring.png
[Success]: Registered: blob_elite@winter.png
[Success]: Registered: Boar Skin Valheim piggy@fall.png
[Success]: Registered: seeker@winter.png
[Success]: Registered: babyseeker@winter.png
[Success]: Registered: seeker_Brute_mat@winter.png
[Success]: Registered: SeaSerpent_mat@fall.png
[Success]: Registered: SeaSerpent_mat@winter.png
[Success]: Registered: Skeleton@fall.png
[Success]: Registered: Skeleton@winter.png
[Success]: Registered: Feasting_mat@winter.png
[Success]: Registered: troll@winter.png
[Success]: Registered: Wolf Skin Grey@fall.png
[Success]: Registered: Wolf Skin Grey cub@fall.png
[Success]: Registered: wraith@winter.png
[Success]: Registered: clutter_waterlilies@fall.png
[Success]: Registered: clutter_waterlilies@spring.png
[Success]: Registered: clutter_waterlilies@winter.png
[Success]: Registered: grasscross_forest@spring.png
[Success]: Registered: grasscross_forest@winter.png
[Success]: Registered: ormbunke@fall.png
[Success]: Registered: ormbunke@winter.png
[Success]: Registered: vass@fall.png
[Success]: Registered: vass@winter.png
[Success]: Registered: clutter_shrub@fall.png
[Success]: Registered: clutter_shrub@spring.png
[Success]: Registered: clutter_shrub@winter.png
[Success]: Registered: grasscross_meadows@fall.png
[Success]: Registered: grasscross_meadows@spring.png
[Success]: Registered: grasscross_meadows@winter.png
[Success]: Registered: grasscross_meadows_short@fall.png
[Success]: Registered: grasscross_meadows_short@spring.png
[Success]: Registered: grasscross_meadows_short@winter.png
[Success]: Registered: grasscross_mistlands_short@fall.png
[Success]: Registered: grasscross_mistlands_short@winter.png
[Success]: Registered: mistlands_rockplants@winter.png
[Success]: Registered: grasscross_heath@winter.png
[Success]: Registered: grasscross_heath_flower@fall.png
[Success]: Registered: grasscross_heath_flower@winter.png
[Success]: Registered: ormbunke_yellow@fall.png
[Success]: Registered: ormbunke_yellow@winter.png
[Success]: Registered: GoblinVillage_Cloth@winter.png
[Success]: Registered: straw_roof@winter.png
[Success]: Registered: straw_roof_alpha@winter.png
[Success]: Registered: straw_roof_corner_alpha@winter.png
[Success]: Registered: straw_roof_corner_worn_alpha@winter.png
[Success]: Registered: straw_roof_worn@winter.png
[Success]: Registered: straw_roof_worn_alpha@winter.png
[Success]: Registered: beech_bark@winter.png
[Success]: Registered: beech_leaf@fall.png
[Success]: Registered: beech_leaf@spring.png
[Success]: Registered: beech_leaf@winter.png
[Success]: Registered: beech_particle@fall.png
[Success]: Registered: beech_particle@spring.png
[Success]: Registered: beech_particle@winter.png
[Success]: Registered: beech_leaf_small@fall.png
[Success]: Registered: beech_leaf_small@spring.png
[Success]: Registered: beech_leaf_small@winter.png
[Success]: Registered: birch_leaf@spring.png
[Success]: Registered: birch_leaf@winter.png
[Success]: Registered: birch_leaf_aut@spring.png
[Success]: Registered: birch_leaf_aut@winter.png
[Success]: Registered: birch_particle@spring.png
[Success]: Registered: birch_particle@winter.png
[Success]: Registered: branch_particle@fall.png
[Success]: Registered: branch_particle@spring.png
[Success]: Registered: branch_particle@winter.png
[Success]: Registered: menu_fir@fall.png
[Success]: Registered: menu_fir@spring.png
[Success]: Registered: menu_fir@winter.png
[Success]: Registered: Pine_tree@fall.png
[Success]: Registered: Pine_tree@spring.png
[Success]: Registered: Pine_tree@winter.png
[Success]: Registered: Pine_tree_small@fall.png
[Success]: Registered: Pine_tree_small@spring.png
[Success]: Registered: Pine_tree_small@winter.png
[Success]: Registered: branch_dead_particle@winter.png
[Success]: Registered: Pine_tree_small_dead@winter.png
[Success]: Registered: oak_leaf@fall.png
[Success]: Registered: oak_leaf@spring.png
[Success]: Registered: oak_leaf@winter.png
[Success]: Registered: oak_particle@fall.png
[Success]: Registered: oak_particle@spring.png
[Success]: Registered: oak_particle@winter.png
[Success]: Registered: PineTree_01@fall.png
[Success]: Registered: PineTree_01@spring.png
[Success]: Registered: PineTree_01@summer.png
[Success]: Registered: PineTree_01@winter.png
[Success]: Registered: swamptree1_branch@spring.png
[Success]: Registered: swamptree1_branch@summer.png
[Success]: Registered: Shoot_Leaf_mat@fall.png
[Success]: Registered: Shoot_Leaf_mat@spring.png
[Success]: Registered: Shoot_Leaf_mat@winter.png
[Success]: Registered: shoot_leaf_particle@fall.png
[Success]: Registered: shoot_leaf_particle@spring.png
[Success]: Registered: shoot_leaf_particle@winter.png
[Success]: Registered: yggdrasil_branch#EmissiveTex@fall.png
[Success]: Registered: yggdrasil_branch_leafs@spring.png
[Success]: Registered: yggdrasil_branch_leafs@winter.png
[Success]: Registered: Bush01_blueberry@fall.png
[Success]: Registered: Bush01_blueberry@summer.png
[Success]: Registered: Bush01_blueberry@winter.png
[Success]: Registered: Bush01@fall.png
[Success]: Registered: Bush01@spring.png
[Success]: Registered: Bush01@summer.png
[Success]: Registered: Bush01@winter.png
[Success]: Registered: cloudberry@winter.png
[Success]: Registered: Boletus_edulis@spring.png
[Success]: Registered: Bush02_en@spring.png
[Success]: Registered: Bush02_en@winter.png
[Success]: Registered: Bush01_raspberry@fall.png
[Success]: Registered: Bush01_raspberry@summer.png
[Success]: Registered: Bush01_raspberry@winter.png
[Success]: Registered: shrub2_leafparticle@fall.png
[Success]: Registered: shrub2_leafparticle@spring.png
[Success]: Registered: shrub2_leafparticle@winter.png
[Success]: Registered: shrub@fall.png
[Success]: Registered: shrub@spring.png
[Success]: Registered: shrub@winter.png
[Success]: Registered: shrub_heath@fall.png
[Success]: Registered: shrub_heath@spring.png
[Success]: Registered: shrub_heath@winter.png
[Success]: Registered: Vines_Mat@fall.png
[Success]: Registered: Vines_Mat@winter.png
[Success]: Registered: yggdrasil_root#EmissiveTex@fall.png
[Debug]: Reading textures took: 664ms
[Debug]: Seasonal Timer Awake
[Success]: Registered moss material: clay3
[Success]: Registered moss material: clayWorn
[Success]: Registered moss material: Ashlands_Stone_Ashen_mat
[Success]: Registered moss material: Grausten_Broken_mat
[Success]: Registered textures to: straw_roof_alpha
[Success]: Registered textures to: straw_roof
[Success]: Registered moss material: clay1
[Success]: Registered moss material: stone_mat_4x2
[Success]: Registered moss material: stone_mat1
[Success]: Registered moss material: stone_mat
[Success]: Registered moss material: Grausten_Broken_mat1
[Success]: Registered moss material: startplatform1
[Success]: Registered moss material: startplatform
[Success]: Registered moss material: blackmarble_creep
[Success]: Registered moss material: Bush02_en1
[Success]: Registered textures to: straw_roof_worn_alpha
[Success]: Registered textures to: straw_roof_worn
[Success]: Registered textures to: straw_roof_corner_worn_alpha
[Success]: Registered textures to: straw_roof_corner_alpha
[Success]: Registered moss material: clayWorn3-v2
[Success]: Registered moss material: clayWorn4
[Success]: Registered moss material: clay5
[Success]: Registered textures to: Skeleton
[Success]: Registered moss material: clay4
[Success]: Registered moss material: CheesePieceWorn
[Success]: Registered moss material: Grausten_RoofSlab_mat
[Success]: Registered moss material: stone_stairs_worn1
[Success]: Registered moss material: stone_mat_worn
[Success]: Registered textures to: straw_roof
[Success]: Registered moss material: stonewall
[Success]: Registered moss material: stonewall_hildir
[Success]: Registered piece material: bmp_Guardstone_Oden_marble
[Success]: Registered piece material: bse_spiralstariworn_mat
[Success]: Registered piece material: bse_DvergrTownPieces_Mat
[Success]: Registered moss material: bse_dvergr_metal_furnmiture
[Success]: Registered piece material: bse_DvergrTownPiecesWorn_Mat
[Success]: Registered moss material: bse_dvergr_metal_furnmiture_worn
[Success]: Registered piece material: bse_blackmarble_item
[Success]: Registered piece material: bse_blackmarble_item_worn
[Success]: Registered moss material: bse_mistlands_cliff_dungeon
[Success]: Registered moss material: stoneblock
[Success]: Registered textures to: Boletus_edulis
[Success]: Registered textures to: cloudberry
[Success]: Registered piece material: braded_box
[Success]: Registered piece material: ship
[Success]: Registered piece material: woodwall
[Success]: Registered piece material: TurretBoltWood
[Success]: Registered piece material: Turret_mat
[Success]: Registered piece material: TurretBoltWood1
[Success]: Registered piece material: Turret_mat1
[Success]: Registered piece material: barrel_iron
[Success]: Registered piece material: ship_hatch
[Success]: Registered moss material: ShipTent_mat
[Success]: Registered piece material: smallboat_worn
[Success]: Registered moss material: ShipTent2_mat
[Success]: Registered piece material: ship_wood
[Success]: Registered piece material: ship_wood_worn
[Success]: Registered piece material: smallboat
[Success]: Registered piece material: ship_worn
[Success]: Registered moss material: sail
[Success]: Registered piece material: worn_shipplank
[Success]: Registered piece material: BlackMetalChest_silver_mat1
[Success]: Registered moss material: Flametalore_Mat
[Success]: Registered moss material: obsidian_nosnow
[Success]: Registered piece material: Grausten_mat
[Success]: Registered textures to: wraith
[Success]: Registered moss material: stone
[Success]: Registered moss material: chitin
[Success]: Registered moss material: dfk_tapestry_green
[Success]: Registered piece material: _REPLACE_Wood_Floor_2
[Success]: Registered piece material: _REPLACE_Tile_Roof
[Success]: Registered piece material: _REPLACE_wood_floor
[Success]: Registered textures to: Vines_Mat
[Success]: Registered piece material: itemstand
[Success]: Registered piece material: _REPLACE_Tile_Roof_3
[Success]: Registered piece material: shader_fi_village_wood
[Success]: Registered piece material: _REPLACE_ROOF_4
[Success]: Registered piece material: _REPLACE_wood_underfloor
[Success]: Registered piece material: JVLmock_woodchest
[Success]: Registered piece material: Table_oak_worn_mat
[Success]: Registered piece material: dvergr_oak_worn_creep_mat
[Success]: Registered moss material: stone
[Success]: Registered moss material: JVLmock_stone_mat
[Success]: Registered moss material: stone_mat_worn_custom1
[Success]: Registered moss material: HQ_stone_mat_worn_custom2
[Success]: Registered moss material: stone_mat_custom
[Success]: Registered piece material: dvergrdoorWorn_mat
[Success]: Registered piece material: iron_custom
[Success]: Registered piece material: door_wood_custom
[Success]: Registered piece material: dvergr_metal_furnmiture_worn
[Success]: Registered piece material: JVLmock_stonefloor_2x2_worn
[Success]: Registered piece material: shader_fi_village_catacombs
[Success]: Registered piece material: JVLmock_iron
[Success]: Registered moss material: Banners
[Success]: Registered moss material: HQ_stone_mat_custom
[Success]: Registered moss material: JVLmock_stone_mat_4x2
[Success]: Registered moss material: JVLmock_stone_mat_worn
[Success]: Registered piece material: shader_fi_village_wood
[Success]: Registered piece material: fermenter
[Success]: Registered piece material: JVLmock_woodwall_worn
[Success]: Registered piece material: JVLmock_logwall_worn
[Success]: Registered piece material: JVLmock_logwall_broken
[Success]: Registered moss material: HQ_stone_mat_worn_custom3
[Success]: Registered piece material: M_Stool_color
[Success]: Registered piece material: DvergrTownPiecesWorn_Mat_custom
[Success]: Registered piece material: DvergrTownPieces_Mat_custom
[Success]: Registered piece material: fi_village_cathedral_base
[Success]: Registered piece material: M_diner_table_color
[Success]: Registered piece material: M_Chair_color
[Success]: Registered moss material: JVLmock_fireplace_ash_glowing
[Success]: Registered piece material: JVLmock_woodpole_worn
[Success]: Registered piece material: stake
[Success]: Registered piece material: JVLmock_GoblinVillage
[Success]: Registered piece material: fi_village_shields
[Success]: Registered moss material: Bankets
[Success]: Registered piece material: woodpole2_worn
[Success]: Registered piece material: JVLmock_woodpole2
[Success]: Registered moss material: CapeWolfHide 1
[Success]: Registered textures to: SeaSerpent_mat
[Success]: Registered textures to: PaddedLegs_mat
[Success]: Registered textures to: PaddedLegs_mat
[Success]: Registered textures to: PaddedLegs_mat
[Success]: Registered textures to: Boar Skin Valheim
[Success]: Registered textures to: PaddedLegs_mat
[Success]: Registered textures to: PaddedLegs_mat
[Success]: Registered textures to: Boar Skin Valheim
[Success]: Registered piece material: coal_pile
[Success]: Registered textures to: PaddedChest_mat
[Success]: Registered moss material: heathrock
[Success]: Registered textures to: PaddedLegs_mat
[Success]: Registered moss material: stone
[Success]: Registered textures to: wraith
[Success]: Registered textures to: greydwarf_shaman
[Success]: Registered textures to: neck
[Success]: Registered textures to: greydwarf_shaman
[Success]: Registered textures to: SeaSerpent_mat
[Success]: Registered textures to: wraith
[Success]: Registered textures to: blob
[Success]: Registered textures to: troll
[Success]: Registered textures to: oak_leaf
[Success]: Registered textures to: straw_roof_alpha
[Success]: Registered textures to: straw_roof
[Success]: Registered moss material: glass_nautilus_green
[Success]: Registered moss material: SailMat
[Success]: Registered moss material: runestone
[Success]: Registered textures to: greydwarf
[Success]: Registered moss material: rock1
[Success]: Registered moss material: stone
[Success]: Registered textures to: seeker
[Success]: Registered textures to: menu_fir
[Success]: Registered textures to: PineTree_01
[Success]: Registered textures to: Bush01
[Success]: Registered textures to: RagsChest
[Success]: Registered piece material: itemstand
[Success]: Registered moss material: beech_bark_small
[Success]: Registered textures to: beech_leaf_small
[Success]: Registered piece material: morkhallafurnitureworn_mat
[Success]: Registered piece material: morkhalla_banner_stone_mat
[Success]: Registered piece material: birch_seeds_leaf
[Success]: Registered moss material: AshlandsRockTest_mat
[Success]: Registered textures to: Padded_mat
[Success]: Registered textures to: oak_leaf
[Success]: Registered moss material: oak_bark
[Success]: Registered piece material: Ashlands_Stone_Ashen_Rough_mat
[Success]: Registered textures to: MageArmor_mat
[Success]: Registered piece material: GoblinVillage_Worn
[Success]: Registered piece material: GoblinVillage
[Success]: Registered textures to: GoblinVillage_Cloth
[Success]: Registered piece material: smallboat_worn
[Success]: Registered piece material: FrostTrollBloodGold_mat
[Success]: Registered piece material: smallboat
[Success]: Registered piece material: worn_shipplank
[Success]: Registered piece material: barrel_iron
[Success]: Registered moss material: ShipTent_mat
[Success]: Registered piece material: ship_hatch
[Success]: Registered piece material: ship_wood
[Success]: Registered piece material: braded_box
[Success]: Registered piece material: ship_wood_worn
[Success]: Registered piece material: ship_worn
[Success]: Registered moss material: ShipTent2_mat
[Success]: Registered moss material: sail_frozen
[Success]: Registered piece material: morkhalla_rubble_mat
[Success]: Registered piece material: blackmarble_worn
[Success]: Registered piece material: blackmarble
[Success]: Registered piece material: blackmarble_movable
[Success]: Registered piece material: shieldcoremat
[Success]: Registered piece material: BlackWood_Worn_mat
[Success]: Registered piece material: AshWood_mat
[Success]: Registered piece material: RuneTile_mat
[Success]: Registered piece material: BatteringRam_mat
[Success]: Registered piece material: Obliterator_worn_mat
[Success]: Registered piece material: Obliterator_mat
[Success]: Registered moss material: dvergr_metal_furnmiture
[Success]: Registered piece material: runed_furniture_worn_mat
[Success]: Registered piece material: runed_furniture_mat
[Success]: Registered piece material: JotunStatues_mat
[Success]: Registered moss material: finewood_log_destruction
[Success]: Registered piece material: Grausten_RoofSlab_mat
[Success]: Registered piece material: DarkWood_mat
[Success]: Registered moss material: olive_treebark2_darkland
[Success]: Registered moss material: swamptree2_bark
[Success]: Registered moss material: swamptree2_branch
[Success]: Registered moss material: IceShelf
[Success]: Registered moss material: obsidian_snow
[Success]: Registered moss material: stonechest_sunkencrypt
[Success]: Registered piece material: blackmarble_item
[Success]: Registered moss material: highrock
[Success]: Registered textures to: ormbunke_yellow
[Success]: Registered piece material: DarkWood_worn_mat
[Success]: Registered piece material: BloodGoldOre_mat
[Success]: Registered moss material: MemorialStone_Medium_mat
[Success]: Registered piece material: Bench_Worn_Mat
[Success]: Registered piece material: Lavalantern_mat
[Success]: Registered textures to: TrollLeatherPants
[Success]: Registered piece material: Grausten_Broken_mat
[Success]: Registered moss material: icefimbulwinter_mat
[Success]: Registered piece material: logwall_broken
[Success]: Registered piece material: woodwall_worn
[Success]: Registered textures to: Deathsquito_mat
[Success]: Registered moss material: oats_veg_mat
[Success]: Registered piece material: DvergrTownPieces_Mat
[Success]: Registered moss material: giant_skeleton_interior
[Success]: Registered moss material: giant_skeleton_exterior
[Success]: Registered piece material: RoofShingles
[Success]: Registered moss material: TheHive_Mat_legs
[Success]: Registered moss material: Firetree_oldlog
[Success]: Registered piece material: cauldron_chain
[Success]: Registered textures to: gjall_mat
[Success]: Registered moss material: Fir_plantable_Branch_Mat
[Success]: Registered piece material: Scaledwall_mat
[Success]: Registered moss material: ashlandshipsail_mat
[Success]: Registered moss material: morkhalla_banner1_mat
[Success]: Registered moss material: ice_frozenship_mat
[Success]: Registered textures to: lox_calf
[Success]: Registered piece material: RoofShingles_worn
[Success]: Registered piece material: Morkhalla_Wood_Metal
[Success]: Registered moss material: Morkhalla_rockslab_floor_mat
[Success]: Registered piece material: window_hatch
[Success]: Registered moss material: Bush01_heath
[Success]: Registered moss material: Banner_Border_OrangeBorder1_mat
[Success]: Registered piece material: woodwall
[Success]: Registered piece material: Tanningrack_mat
[Success]: Registered piece material: warderobe_mat
[Success]: Registered piece material: warderobeworn_mat
[Success]: Registered piece material: StoneCutterBench_worn_mat
[Success]: Registered piece material: ArcheryTarget_mat
[Success]: Registered piece material: Shelf_worn
[Success]: Registered textures to: RagsLegs
[Success]: Registered piece material: BedSimple_worn_Mat
[Success]: Registered moss material: Fir_plantable_Trunk_mat
[Success]: Registered piece material: Ceramicpotsgreen_mat
[Success]: Registered moss material: DvergerBanner_tattered_mat
[Success]: Registered moss material: AshlandsTrees_mat
[Success]: Registered textures to: babyseeker
[Success]: Registered moss material: eikthyrnir_shedding
[Success]: Registered piece material: dvergrchest_mat
[Success]: Registered piece material: torch
[Success]: Registered piece material: Grausten_mat
[Success]: Registered moss material: dvergr_metal_furnmiture_worn
[Success]: Registered piece material: dvergrdoorWorn_mat
[Success]: Registered textures to: beech_leaf
[Success]: Registered textures to: beech_bark
[Success]: Registered piece material: TimberGate_mat
[Success]: Registered piece material: fi_village_kitchen_cauldron
[Success]: Registered piece material: Scaledwall_broken_mat
[Success]: Registered piece material: DvergrTownPiecesWorn_Mat
[Success]: Registered moss material: Banner_door_low_mat
[Success]: Registered piece material: wood_pile
[Success]: Registered moss material: finewood_log_worn
[Success]: Registered piece material: Ashlands_Stone_Ashen_mat
[Success]: Registered moss material: CharredShieldGen_Mat
[Success]: Registered piece material: stone_pile
[Success]: Registered piece material: ThistleGarland_Mat
[Success]: Registered moss material: wood_pile_Worn
[Success]: Registered moss material: TheHoleRockSmall_Mat
[Success]: Registered moss material: Banner_torn_long_mat
[Success]: Registered moss material: onion_seedling_small
[Success]: Registered moss material: DvergrTownPiecesWornCreep_Mat
[Success]: Registered textures to: straw_roof
[Success]: Registered textures to: straw_roof_corner_alpha
[Success]: Registered textures to: straw_roof_worn_alpha
[Success]: Registered textures to: straw_roof_alpha
[Success]: Registered textures to: straw_roof_worn
[Success]: Registered textures to: straw_roof_corner_worn_alpha
[Success]: Registered piece material: stake_old
[Success]: Registered piece material: stake
[Success]: Registered moss material: Pinetree_log
[Success]: Registered piece material: Darkwoodchair_material
[Success]: Registered piece material: woodpole
[Success]: Registered piece material: LogBenchWorn_mat
[Success]: Registered piece material: LogBench_mat
[Success]: Registered piece material: Trainingdummy_Mat
[Success]: Registered moss material: BlackIce_Mat
[Success]: Registered moss material: MemorialStone_Large_mat
[Success]: Registered piece material: smeltermat
[Success]: Registered piece material: ashwoodbed_mat
[Success]: Registered moss material: stonefence_mat
[Success]: Registered piece material: logwall_worn
[Success]: Registered piece material: logwall
[Success]: Registered piece material: DarkWoodGate_worn
[Success]: Registered piece material: DarkWoodGate_mat
[Success]: Registered piece material: DarkWoodGate_door
[Success]: Registered piece material: Shelf_mat
[Success]: Registered piece material: DragonBed_Mat
[Success]: Registered piece material: spiralstariworn_mat
[Success]: Registered textures to: Shoot_Leaf_mat
[Success]: Registered moss material: Shoot_Trunk_mat
[Success]: Registered moss material: rock_heath
[Success]: Registered piece material: Darkwoodchair_broken_material
[Success]: Registered moss material: mistlands_cliff
[Success]: Registered piece material: HearthBroken_mat
[Success]: Registered moss material: birch_bark_quarter
[Success]: Registered textures to: goblin
[Success]: Registered moss material: kale_veg_mat
[Success]: Registered moss material: birch_sapling
[Success]: Registered moss material: birch_sapling_unhealthy
[Success]: Registered moss material: stump_deepnorth
[Success]: Registered piece material: WispLure_mat
[Success]: Registered piece material: Morkhalla_chest_stone
[Success]: Registered piece material: marblebenchbroken_mat
[Success]: Registered piece material: Shoot_Stack_mat
[Success]: Registered piece material: ashwood_door_mat
[Success]: Registered textures to: SilverArmourChest_mat
[Success]: Registered piece material: Vise_mat
[Success]: Registered piece material: torch_wood
[Success]: Registered piece material: Ceramicpotsgreenbroken_mat
[Success]: Registered moss material: ObsidianRock_mat
[Success]: Registered piece material: stone_mat_worn
[Success]: Registered piece material: Table_oak_worn_mat
[Success]: Registered moss material: dvergr_oak_worn_creep_mat
[Success]: Registered piece material: sapcollector_mat
[Success]: Registered piece material: ashwood_door_worn_mat
[Success]: Registered moss material: Morkhalla_rockslab_pile_mat
[Success]: Registered piece material: Ashlands_RoofSlab_mat
[Success]: Registered textures to: PaddedLegs_mat
[Success]: Registered moss material: Fir_Snow_Branch_Mat
[Success]: Registered piece material: eternalpyreworn_mat
[Success]: Registered piece material: eternalpyrebowlworn_mat
[Success]: Registered piece material: flametalgateBroken_mat
[Success]: Registered piece material: flametalgate_mat
[Success]: Registered piece material: blackwood_mat
[Success]: Registered piece material: ArtisanTable_Mat
[Success]: Registered piece material: HearthNew_mat
[Success]: Registered piece material: stone_mat
[Success]: Registered textures to: beech_particle
[Success]: Registered textures to: carapacearmor_mat
[Success]: Registered moss material: corgihare
[Success]: Registered piece material: metalwall
[Success]: Registered moss material: bossstone_yagluth_mat
[Success]: Registered moss material: TwitcherSpawner_mat
[Success]: Registered piece material: FrostKilnWorn_mat
[Success]: Registered textures to: Feasting_mat
[Success]: Registered piece material: gemcutter
[Success]: Registered piece material: WindmillBase
[Success]: Registered piece material: DvergrCurtainBannerWood_mat
[Success]: Registered moss material: DvergrCurtainBanner_mat
[Success]: Registered textures to: grasscross_meadows_short
[Success]: Registered piece material: roundedbenchbroken_mat
[Success]: Registered textures to: ormbunke
[Success]: Registered piece material: morkhalla_rug_corner1_mat
[Success]: Registered textures to: Skeleton
[Success]: Registered piece material: roundedbench_mat
[Success]: Registered piece material: woodpole_worn
[Success]: Registered moss material: turnip_flower_tiny
[Success]: Registered piece material: DarkWood_rotated_mat
[Success]: Registered moss material: Turnip_unhealthy
[Success]: Registered piece material: fi_village_forge
[Success]: Registered piece material: Chair_worn_Mat
[Success]: Registered moss material: blackmarble_creep
[Success]: Registered piece material: SecretDoor_mat
[Success]: Registered moss material: Firetree_Morkhalla_log
[Success]: Registered piece material: Grill_mat
[Success]: Registered moss material: Vine_Sapling_ashlands_mat
[Success]: Registered textures to: WolfCape
[Success]: Registered moss material: AshlandsRockTest_mat 1
[Success]: Registered moss material: SmallGrave_Fader_Mat
[Success]: Registered piece material: SpinningWheel_worn
[Success]: Registered textures to: swampfish
[Success]: Registered piece material: BlastFurnace_mat
[Success]: Registered moss material: stonechest
[Success]: Registered piece material: Trap
[Success]: Registered textures to: Wolf Skin Grey cub
[Success]: Registered moss material: obsidian_nosnow
[Success]: Registered piece material: Ceramicpotsredbroken_mat
[Success]: Registered moss material: dvergrchest_creep_mat
[Success]: Registered piece material: drawbridge_mat
[Success]: Registered piece material: BlackForgApron_mat
[Success]: Registered moss material: cave_ice
[Success]: Registered moss material: ice2
[Success]: Registered piece material: shovel_mat
[Success]: Registered moss material: GiantRustHelm_mat
[Success]: Registered moss material: GiantRustHelm_internal
[Success]: Registered piece material: FrostFoundry_worn_mat
[Success]: Registered piece material: Ceramicpotscrackedbroken_mat
[Success]: Registered piece material: JotunStatuesBig_mat
[Success]: Registered piece material: beehive_worn
[Success]: Registered piece material: bonfire_Unfueled_mat
[Success]: Registered piece material: woodwall_lowlod
[Success]: Registered piece material: WorkbenchWorn_mat
[Success]: Registered moss material: bossstone_theelder
[Success]: Registered moss material: HatefulBlood_mat
[Success]: Registered piece material: dvergr_copper
[Success]: Registered piece material: Guardstone_Oden_mat
[Success]: Registered piece material: new_charcoalkilnmat
[Success]: Registered moss material: CharredShieldGen_Mat
[Success]: Registered piece material: Ironbeam_mat
[Success]: Registered piece material: Ironbeam_Worn_mat
[Success]: Registered piece material: graustenchest_mat
[Success]: Registered textures to: PaddedChest_mat
[Success]: Registered moss material: poteitr_veg_mat
[Success]: Registered textures to: helmet_bronze_mat
[Success]: Registered moss material: sail
[Success]: Registered moss material: MistlandsMushrooms_balls_unhealthy
[Success]: Registered moss material: FenrirHair_Hanger_mat
[Success]: Registered moss material: carrot_flower
[Success]: Registered piece material: LavalanternBroken_mat
[Success]: Registered moss material: FingerRock
[Success]: Registered moss material: Morkhalla_rockslab_stair_mat
[Success]: Registered moss material: silverore
[Success]: Registered piece material: MorkHallaEyes_mat
[Success]: Registered piece material: Table_oak_mat
[Success]: Registered moss material: Pinetree_log
[Success]: Registered piece material: Brazier_Mat
[Success]: Registered textures to: SeaSerpent_mat
[Success]: Registered moss material: oak_sapling
[Success]: Registered textures to: shoot_leaf_particle
[Success]: Registered moss material: unstablerock_final_mat
[Success]: Registered piece material: DvergerBossDoor
[Success]: Registered moss material: turnip_flower_tiny_unhealthy
[Success]: Registered textures to: swamptree1_branch
[Success]: Registered moss material: swamptree1_bark
[Success]: Registered piece material: dvergrdoor_mat
[Success]: Registered moss material: rockformation1
[Success]: Registered piece material: TurretBoltWood
[Success]: Registered piece material: Turret_mat
[Success]: Registered moss material: Banner_Border_OrangeGrey_1_mat
[Success]: Registered piece material: marbletablebroken_mat
[Success]: Registered textures to: seeker_Brute_mat
[Success]: Registered textures to: CapeDeerHide
[Success]: Registered piece material: PlayerMaterialArmorStand
[Success]: Registered textures to: TrollLeatherChest
[Success]: Registered piece material: torch_copper
[Success]: Registered piece material: torch_wood
[Success]: Registered textures to: troll
[Success]: Registered moss material: wood_pile_Broken
[Success]: Registered moss material: Portal_Metal_mat
[Success]: Registered piece material: MountainKit_wood_gate_woodpole_worn
[Success]: Registered piece material: SpinningWheel_mat
[Success]: Registered textures to: shrub
[Success]: Registered piece material: morkhallafurniture_mat
[Success]: Registered textures to: oak_particle
[Success]: Registered moss material: dvergr_metal
[Success]: Registered moss material: onion_stalk_unhealthy
[Success]: Registered moss material: rock3_silver
[Success]: Registered textures to: neck
[Success]: Registered moss material: stonewall_1
[Success]: Registered moss material: cave_ice_hildir
[Success]: Registered moss material: TheHoleRock_Mat
[Success]: Registered textures to: clutter_waterlilies
[Success]: Registered piece material: woodchest
[Success]: Registered piece material: Barberstation_mat
[Success]: Registered piece material: Midsummerpole_mat
[Success]: Registered textures to: helmet_leather_mat
[Success]: Registered piece material: PlayerMaterialArmorStandLeather
[Success]: Registered moss material: Banner_Border_RedWhite_1_mat
[Success]: Registered textures to: birch_particle
[Success]: Registered piece material: window_wood
[Success]: Registered piece material: GoldVein_mat
[Success]: Registered piece material: MountainKit_wood_gate_ironbeam_Worn_mat
[Success]: Registered piece material: MountainKit_wood_gate_woodwall_worn
[Success]: Registered moss material: sunkenkit_stone_mat_interior 2
[Success]: Registered piece material: Ashlands_Stone_mat
[Success]: Registered piece material: Chair_Mat
[Success]: Registered moss material: mistlands_cliff_internal
[Success]: Registered moss material: bossstone_eikthyr
[Success]: Registered piece material: BarberstationBroken_mat
[Success]: Registered piece material: treasure_decal
[Success]: Registered textures to: branch_particle
[Success]: Registered piece material: BloodGoldBar_mat
[Success]: Registered piece material: Trainingdummyworn_Mat
[Success]: Registered moss material: Rocks_3_roughness
[Success]: Registered piece material: HexagonalBroken_mat
[Success]: Registered piece material: Hexagonal_mat
[Success]: Registered moss material: Vine_Sapling_unwell_ashlands_mat
[Success]: Registered textures to: Boar Skin Valheim
[Success]: Registered moss material: bossstone_fader_mat
[Success]: Registered piece material: coal_pile
[Success]: Registered piece material: drawbridg_log_mat
[Success]: Registered piece material: StoneCutterBench_mat
[Success]: Registered moss material: Rocks_4_roughness
[Success]: Registered piece material: Cart_Worn_mat
[Success]: Registered textures to: grasscross_meadows
[Success]: Registered textures to: shrub_heath
[Success]: Registered textures to: Pine_tree
[Success]: Registered piece material: metalcutter_mat
[Success]: Registered piece material: magetable_mat
[Success]: Registered piece material: Oven_worn
[Success]: Registered piece material: TimberGate_worn_mat
[Success]: Registered moss material: swamptree_log
[Success]: Registered piece material: HotTub_Worn_mat
[Success]: Registered textures to: helmet_iron_mat
[Success]: Registered moss material: Shoot_Stump_mat
[Success]: Registered textures to: blob
[Success]: Registered moss material: stonewall
[Success]: Registered moss material: Charredbannercloth_mat
[Success]: Registered piece material: ShieldGenerator_worn_mat
[Success]: Registered piece material: birdnest_mat
[Success]: Registered piece material: preptable_MAT
[Success]: Registered piece material: preptable_broken_MAT
[Success]: Registered moss material: CapeWolfHide
[Success]: Registered moss material: Vines_ashlands_mat
[Success]: Registered moss material: TwitcherSpawner_Elite_mat
[Success]: Registered piece material: WindmillPopeller_mat
[Success]: Registered moss material: Pinetree_snow_log
[Success]: Registered moss material: bossstone_seekerqueen_mat
[Success]: Registered piece material: Table_Mat
[Success]: Registered piece material: Oven_door
[Success]: Registered moss material: bossstone_bonemass
[Success]: Registered textures to: Deer 2
[Success]: Registered moss material: Fir_big_tree_log_mat
[Success]: Registered piece material: destilereitr
[Success]: Registered piece material: wood_roof_mat
[Success]: Registered piece material: StoneThrone_broken
[Success]: Registered piece material: Morkhalla_gate_stone
[Success]: Registered piece material: FrostFoundry_mat
[Success]: Registered textures to: grasscross_forest
[Success]: Registered moss material: Lingon_mat
[Success]: Registered piece material: JulKlapp_2_mat
[Success]: Registered moss material: FernAshlands_mat
[Success]: Registered piece material: fence_gate_mat
[Success]: Registered piece material: fence_gate_worn_mat
[Success]: Registered piece material: StoneThrone
[Success]: Registered piece material: strongbox
[Success]: Registered textures to: Pine_tree_small
[Success]: Registered moss material: barnacle
[Success]: Registered moss material: leviathan
[Success]: Registered moss material: leviathan_rock_4
[Success]: Registered moss material: Fir_Snow_Trunk_Mat
[Success]: Registered piece material: drawbridg_log_worn_mat
[Success]: Registered textures to: greydwarf_shaman
[Success]: Registered moss material: Morkhalla_rockslab_mat
[Success]: Registered moss material: MistlandsMushrooms_magecap_baby
[Success]: Registered moss material: MistlandsMushrooms_magecap_unhealthy
[Success]: Registered moss material: NewEikthyr_shedding
[Success]: Registered piece material: BedSimple_Mat
[Success]: Registered piece material: bedrolls_mat
[Success]: Registered piece material: Charredspawner_mat
[Success]: Registered piece material: BoneThroneBroken_mat
[Success]: Registered piece material: woodchest_rotten
[Success]: Registered piece material: metalwall_worn
[Success]: Registered piece material: metalwall
[Success]: Registered piece material: finewood_log
[Success]: Registered piece material: rollingpinshelf_mat
[Success]: Registered textures to: Vines_Mat
[Success]: Registered moss material: IceSpike
[Success]: Registered moss material: turnip_flower
[Success]: Registered moss material: stump
[Success]: Registered moss material: finewood_log_broken
[Success]: Registered moss material: flax_item
[Success]: Registered moss material: rock1_mountain
[Success]: Registered piece material: smoker_mat
[Success]: Registered moss material: rock_mistlands
[Success]: Registered moss material: poteitr_unhealthy_veg_mat
[Success]: Registered moss material: Rocks_3_roughness_deepnorth
[Success]: Registered piece material: window_wood_worn
[Success]: Registered piece material: door_wood
[Success]: Registered piece material: Yuledeco_mat
[Success]: Registered piece material: ship_frozen_mat
[Success]: Registered moss material: birch_bark
[Success]: Registered textures to: birch_leaf_aut
[Success]: Registered moss material: dvergr_metal_high_moving
[Success]: Registered piece material: Table_Worn_Mat
[Success]: Registered piece material: ship
[Success]: Registered piece material: Viseworn_mat
[Success]: Registered piece material: acorn
[Success]: Registered textures to: CapeTrollHide
[Success]: Registered piece material: Oven_new
[Success]: Registered piece material: eternalpyrebowl_mat
[Success]: Registered piece material: eternalpyre_mat
[Success]: Registered moss material: morkhalla_banner2_mat
[Success]: Registered textures to: GoblinBrute_mat
[Success]: Registered moss material: beech_leaf_sapling
[Success]: Registered piece material: GoblinVillageStairs
[Success]: Registered textures to: clutter_shrub
[Success]: Registered moss material: Flametalore_Mat
[Success]: Registered piece material: drawbridge_worn_mat
[Success]: Registered piece material: destilereitr_broken_mat
[Success]: Registered moss material: LingonBush_mat
[Success]: Registered moss material: GiantRustSword_internal
[Success]: Registered moss material: GiantRustSword_mat
[Success]: Registered moss material: MistlandsMushrooms_item
[Success]: Registered moss material: mistlands_cliff_dungeon
[Success]: Registered piece material: magetablebroken_mat
[Success]: Registered moss material: Banner_torn_mat
[Success]: Registered piece material: tombstonewood
[Success]: Registered piece material: AnviExtension_mat
[Success]: Registered piece material: Ashlands_Stone_Ashen_Destroyed_mat
[Success]: Registered piece material: raft_log_Broken
[Success]: Registered moss material: Firetree_log
[Success]: Registered piece material: barrelplayer_mat
[Success]: Registered piece material: Cart_mat
[Success]: Registered moss material: Rocks_3_4_roughness 1
[Success]: Registered piece material: AltarfaderBroken_mat
[Success]: Registered moss material: swamptree2_log
[Success]: Registered piece material: Morkhalla_drawbridge
[Success]: Registered piece material: RavenThrone_Mat
[Success]: Registered piece material: RavenThrone_Worn_Mat
[Success]: Registered moss material: carrot_flower_tiny
[Success]: Registered moss material: carrot_flower_tiny_unhealthy
[Success]: Registered textures to: yggdrasil_root
[Success]: Registered moss material: frostwood_mat
[Success]: Registered piece material: marblebench_mat
[Success]: Registered piece material: ButcherTable_mat
[Success]: Registered textures to: birch_leaf
[Success]: Registered moss material: stonechest_hildir
[Success]: Registered piece material: Guardstone_Oden_marble
[Success]: Registered textures to: LeatherChest
[Success]: Registered textures to: wraith
[Success]: Registered moss material: altar
[Success]: Registered textures to: blob_elite
[Success]: Registered moss material: TwitcherSpawner_unlit_mat
[Success]: Registered piece material: wood_roof_worn_mat
[Success]: Registered moss material: Fir_tree_sapling
[Success]: Registered piece material: DvergrNeedle_mat
[Success]: Registered moss material: MemorialStone_small_mat
[Success]: Registered moss material: LingonBerry_mat
[Success]: Registered moss material: Banner_door_mat 1
[Success]: Registered piece material: fermenter
[Success]: Registered moss material: Fir_Snow_Branch_Small_mat
[Success]: Registered textures to: grasscross_heath
[Success]: Registered piece material: woodwall_67_worn_mat
[Success]: Registered moss material: Firetree_snow_log
[Success]: Registered textures to: seagal
[Success]: Registered piece material: stone_mat_4x2
[Success]: Registered piece material: stones
[Success]: Registered moss material: Bush02_wood
[Success]: Registered piece material: Workbench_mat
[Success]: Registered moss material: onion_seedling_ripe
[Success]: Registered textures to: cloudberry
[Success]: Registered moss material: rock1_copper
[Success]: Registered piece material: socket
[Success]: Registered piece material: woodpole2_worn
[Success]: Registered piece material: woodpole2
[Success]: Registered piece material: wornashlandsship_mat
[Success]: Registered piece material: BlackMetalChest_mat
[Success]: Registered textures to: Boletus_edulis
[Success]: Registered piece material: raft_log_Worn
[Success]: Registered moss material: sail_brown
[Success]: Registered piece material: raft_log
[Success]: Registered piece material: raft_wood
[Success]: Registered textures to: helmet_trollleather
[Success]: Registered piece material: roundlog_destruction
[Success]: Registered moss material: statue1
[Success]: Registered piece material: ArtisanTableWorn_Mat
[Success]: Registered moss material: VinesBranch_Ashlands_mat
[Success]: Registered moss material: onion_seedling_small_unhealthy
[Success]: Registered moss material: beech_leaf_sapling_unhealthy
[Success]: Registered moss material: cave_ice_wall
[Success]: Registered moss material: Banner_torn_low_mat
[Success]: Registered moss material: Bush01_wood
[Success]: Registered piece material: Cartographer_mat
[Success]: Registered moss material: oak_sapling_unhealthy
[Success]: Registered moss material: oak_bark_quarter
[Success]: Registered piece material: ashwoodbedworn_mat
[Success]: Registered textures to: LeatherPants
[Success]: Registered piece material: ForgeWorn
[Success]: Registered piece material: Forge_mat
[Success]: Registered piece material: volturenest_mat
[Success]: Registered moss material: jute_carpet_destruction
[Success]: Registered piece material: logwall_67_broken_mat
[Success]: Registered piece material: logwall_67_worn_mat
[Success]: Registered piece material: logwall_67_mat
[Success]: Registered moss material: Banner_Border_BlackWhiteInverted_mat
[Success]: Registered moss material: totem
[Success]: Registered moss material: onion_seedling_med
[Success]: Registered moss material: onion_seedling_med_unhealthy
[Success]: Registered moss material: carrot_blast
[Success]: Registered moss material: carrot_blast_unhealthy
[Success]: Registered textures to: lox
[Success]: Registered moss material: roundlog
[Success]: Registered piece material: roundlog_worn
[Success]: Registered piece material: roundlog_new
[Success]: Registered piece material: roundlog_broken
[Success]: Registered piece material: Pine_tree_xmas
[Success]: Registered piece material: BlastFurnace_Broken_mat
[Success]: Registered piece material: birch_seeds
[Success]: Registered piece material: DragonBed_worn_Mat
[Success]: Registered moss material: stoneblock
[Success]: Registered piece material: Spicerack_mat
[Success]: Registered moss material: Fir_Snow_Troll_mat
[Success]: Registered piece material: stonefloor_worn
[Success]: Registered piece material: IrongrillWorn
[Success]: Registered piece material: TrainingDummy
[Success]: Registered moss material: StumpHut_mat
[Success]: Registered moss material: Banner_Border_BlueYellow_1_mat
[Success]: Registered moss material: Rocks_4_roughness_deepnorth
[Success]: Registered piece material: fi_village_metal
[Success]: Registered textures to: shrub2_leafparticle
[Success]: Registered moss material: Turnip
[Success]: Registered piece material: cpR_furniture_lite_worn
[Success]: Registered piece material: cpR_furniture_lite
[Success]: Registered piece material: morkhalla_rug_end2_mat
[Success]: Registered moss material: hugeroot
[Success]: Registered moss material: Sulfur_mat
[Success]: Registered moss material: cave_ice_floor_hildir
[Success]: Registered moss material: stonechest_plains
[Success]: Registered piece material: birch_seeds_stick
[Success]: Registered moss material: MistlandsMushrooms_magecap
[Success]: Registered piece material: dragonhead_worn
[Success]: Registered moss material: onion_stalk
[Success]: Registered textures to: IronArmorChest_mat
[Success]: Registered piece material: flametalbeam_mat
[Success]: Registered moss material: swamptree_stump
[Success]: Registered piece material: PotsNpans_mat
[Success]: Registered piece material: WindmillBase_Worn
[Success]: Registered textures to: Bush01_raspberry
[Success]: Registered moss material: stone_huge
[Success]: Registered moss material: chitin
[Success]: Registered moss material: Fir_tree_sapling_unhealthy
[Success]: Registered piece material: beehive_broken
[Success]: Registered moss material: MistlandsMushrooms_balls
[Success]: Registered moss material: startplatform
[Success]: Registered moss material: Stalagtite_mat
[Success]: Registered moss material: stonefence_worn_mat
[Success]: Registered moss material: trunk
[Success]: Registered moss material: leafs1
[Success]: Registered piece material: Ceramicpotsred_mat
[Success]: Registered moss material: Flametal_Mat
[Success]: Registered textures to: feathercape_mat
[Success]: Registered piece material: ironchest
[Success]: Registered piece material: spiralstair_mat
[Success]: Registered textures to: IronArmorPlayer_legs
[Success]: Registered piece material: ShieldGenerator_mat
[Success]: Registered moss material: PineTree_01_dead
[Success]: Registered moss material: Charredbannercloth_tattered_mat
[Success]: Registered piece material: morkhalla_rug_end1_mat
[Success]: Registered moss material: Banner_2_BlueWhiteStripe_mat
[Success]: Registered piece material: upgradebench_mat
[Success]: Registered textures to: BronzeArmorMesh_Mat
[Success]: Registered piece material: stonefloor_2x2
[Success]: Registered piece material: woodwall_67_mat
[Success]: Registered moss material: rock4_coast
[Success]: Registered moss material: stonekit_floor_interior
[Success]: Registered piece material: DNThrone_worn_mat
[Success]: Registered textures to: Hare_mat
[Success]: Registered piece material: FrostKiln_mat2
[Success]: Registered moss material: heathrock
[Success]: Registered moss material: cave_ice_floor
[Success]: Registered piece material: BlackMetalChest_silver_mat
[Success]: Registered moss material: Pillar_snow_mat_hildir
[Success]: Registered piece material: DNThrone_mat
[Success]: Registered piece material: nornthread_mat
[Success]: Registered piece material: Ceramicpotscracked_mat
[Success]: Registered piece material: crystal_window_lod
[Success]: Registered piece material: loom_mat
[Success]: Registered piece material: marbletable_mat
[Success]: Registered moss material: Pillar_snow_mat
[Success]: Registered piece material: Cartographer_worn_mat
[Success]: Registered moss material: Banner_Border_BlackWhite_mat
[Success]: Registered textures to: Boar Skin Valheim piggy
[Success]: Registered textures to: Wolf Skin Grey
[Success]: Registered textures to: branch_dead_particle
[Success]: Registered piece material: Shoot_Stack_Worn_mat
[Success]: Registered moss material: frostwood_worn_mat
[Success]: Registered moss material: BigRock
[Success]: Registered piece material: stone_stairs_worn
[Success]: Registered piece material: woodwall_worn_lowlod
[Success]: Registered piece material: JulKlapp_1_mat
[Success]: Registered moss material: Rocks_4_roughness_plains
[Success]: Registered textures to: LoxCape_Mat
[Success]: Registered textures to: Pine_tree_small_dead
[Success]: Registered piece material: morkhalla_rug_middle_mat
[Success]: Registered piece material: beehive
[Success]: Registered piece material: BatteringRamWorn_mat
[Success]: Registered piece material: Bench_Mat
[Success]: Registered piece material: HotTub_mat
[Success]: Registered moss material: Bush01_deepnorth
[Success]: Registered piece material: IronGrill
[Success]: Registered moss material: stone_huge
[Success]: Registered moss material: Stump_tip_snow
[Success]: Registered moss material: Firetree_oldlog_deepnorth
[Success]: Registered piece material: blackmarble_item_worn
[Success]: Registered piece material: GoblinVillageStairs_Worn
[Success]: Registered textures to: Bush01_blueberry
[Success]: Registered textures to: Bush02_en
[Success]: Registered moss material: kale_unhealthy_veg_mat
[Success]: Registered moss material: Fir_Snow_Trunk_Small_mat
[Success]: Registered moss material: GoblinVillage_Banner
[Success]: Registered moss material: stone_large
[Success]: Registered moss material: JellyInner
[Success]: Registered piece material: stonefloor_2x2_worn
[Success]: Registered moss material: Bark3-2Snow
[Success]: Registered moss material: Banner_Border_PurpleBorder_mat
[Success]: Registered piece material: JulKlapp_mat
[Success]: Registered moss material: Fir_tree_big_sapling_healtyhy_mat
[Success]: Registered textures to: grasscross_heath_flower
[Success]: Registered moss material: sail_white
[Success]: Registered moss material: TheHive_Mat
[Success]: Registered moss material: Banner_2_RedWhiteStripe_mat
[Success]: Registered moss material: GiantRust_particle
[Success]: Registered textures to: GoblinShaman_mat
[Success]: Registered piece material: giant_brain
[Success]: Registered moss material: stonechest_mountain
[Success]: Registered piece material: dragonhead
[Success]: Registered piece material: birdnest_worn_mat
[Success]: Registered textures to: vass
[Success]: Registered piece material: Ashlands_Stone_Ashen_half_mat
[Success]: Registered moss material: oats_unhealthy_veg_mat
[Success]: Registered piece material: ashlandsship_mat
[Success]: Registered moss material: Banner_2_YellowBlackBorder_mat
[Success]: Registered piece material: BoneThrone_mat
[Success]: Registered moss material: Cloudberrybush
[Success]: Registered moss material: bossstone_dragonqueen_mat
[Success]: Registered moss material: Fir_tree_big_sapling_unhealthy_mat
[Success]: Registered piece material: stone_stairs
[Success]: Registered moss material: VinesBranch_mat
[Success]: Registered moss material: Banner_2_RedBlueWhiteStripe_mat
[Success]: Registered piece material: stonefloor
[Debug]: [FejdStartup Awake] Generation textures time: 282ms
[Debug]: [FejdStartup Awake]: Registered 818 new materials
[Debug]: Next season scheduled in 15960 seconds
[Debug]: Seasonal Timer Continue
[Success]: Registered moss material: GriddleRock_000055E6
[Success]: Registered piece material: HearthNew_mat_00005B3C
[Success]: Registered moss material: stone_000055AC
[Success]: Registered moss material: GriddleRock
[Success]: Registered moss material: GriddleRock 1
[Success]: Registered moss material: stones
[Success]: Registered moss material: GriddleRock 2
[Success]: Registered moss material: plant_potato
[Success]: Registered moss material: tomato_plant_unhealthy
[Success]: Registered moss material: tomato_plant
[Success]: Registered moss material: M_PumpkinLeaf_Unhealthy
[Success]: Registered moss material: M_PumpkinLeaf_01
[Success]: Registered moss material: pepper_plant
[Success]: Registered moss material: garlic_blast
[Success]: Registered moss material: corn_plant
[Success]: Registered moss material: JVLmock_beech_bark_small
[Success]: Registered textures to: beech_particle
[Success]: Registered moss material: JVLmock_beech_leaf_small
[Success]: Registered moss material: apple
[Success]: Registered moss material: corn_plant_unhealth
[Success]: Registered moss material: JVLmock_oak_bark_quarter
[Success]: Registered moss material: JVLmock_oak_sapling
[Success]: Registered moss material: JVLmock_oak_sapling_unhealthy
[Success]: Registered moss material: garlic_blast-unhealthy
[Success]: Registered moss material: pepper_plant_unhealthy
[Success]: Registered moss material: dirtwall
[Success]: Registered moss material: dirtwall_hildir
[Success]: Registered moss material: stonepillar
[Success]: Registered moss material: stonepillar_hildir
[Success]: Registered textures to: grasscross_mistlands_short
[Success]: Registered textures to: yggdrasil_branch_leafs
[Success]: Registered textures to: yggdrasil_branch
[Success]: Registered textures to: mistlands_rockplants
[Success]: Registered moss material: acacia_leaves01.mat
[Success]: Registered moss material: acacia_trunk01
[Success]: Registered moss material: Hangvine
[Success]: Registered moss material: dvergrrunestone_mat
[Debug]: [ZNetScene Awake] Generation textures time: 54ms
[Debug]: [ZNetScene Awake]: Registered 37 new materials
[Success]: Registered piece material: woodwall2_worn
[Success]: Registered piece material: woodwall1
[Success]: Registered piece material: logwall
[Success]: Registered piece material: blackmarble
[Success]: Registered piece material: blackmarble_worn
[Success]: Registered piece material: hardwood_build
[Success]: Registered piece material: hardwood_build_worn
[Success]: Registered piece material: hardwood_build1
[Success]: Registered piece material: RoofShingles
[Success]: Registered piece material: DarkWood_mat
[Success]: Registered piece material: RoofShingles_worn
[Success]: Registered piece material: hardwood_build6
[Success]: Registered piece material: stone_stairs_worn3
[Success]: Registered piece material: stone_stairs2
[Success]: Registered piece material: Grausten_mat
[Success]: Registered piece material: CoreIron
[Success]: Registered piece material: woodpole2
[Success]: Registered piece material: woodpole2_worn
[Success]: Registered piece material: stone_stairs_worn
[Success]: Registered piece material: stone_stairs
[Success]: Registered piece material: stonefloor_2x2
[Success]: Registered piece material: stonefloor_2x8
[Success]: Registered piece material: stonefloor_2x2_worn
[Success]: Registered piece material: stone_stairs_worn2
[Success]: Registered piece material: DarkWoodGate_worn
[Success]: Registered piece material: DarkWoodGate_door
[Success]: Registered piece material: DarkWoodGate_mat
[Success]: Registered piece material: woodwall
[Success]: Registered piece material: woodwall_worn
[Success]: Registered piece material: woodpole
[Success]: Registered piece material: woodpole_worn
[Success]: Registered piece material: Ironbeam_mat
[Success]: Registered piece material: Ironbeam_Worn_mat
[Success]: Registered piece material: M_Ruin_Door
[Success]: Registered piece material: dvergr_metal
[Success]: Registered piece material: blackmarble
[Success]: Registered piece material: ashwood_door_worn_mat
[Success]: Registered piece material: window_wood
[Success]: Registered piece material: fe_village_base
[Success]: Registered piece material: window_hatch
[Success]: Registered piece material: window_wood_worn
[Success]: Registered piece material: stone_stairs3
[Success]: Registered piece material: AshWood_mat
[Success]: Registered piece material: BlackWood_Worn_mat
[Success]: Registered piece material: FineWoodBal
[Success]: Registered piece material: FIneWoodBalWorn
[Success]: Registered piece material: sunkenkit_stone_mat_interior 12
[Success]: Registered piece material: sunkenkit_stone_mat_interior 4_broken
[Success]: Registered piece material: dvergr_copper
[Success]: Registered piece material: AshWood_mat1
[Success]: Registered piece material: Grausten_mat1
[Success]: Registered piece material: AshWood_mat3
[Success]: Registered piece material: clayWorn2
[Success]: Registered piece material: AshWood_mat2
[Success]: Registered piece material: clayWorn3
[Success]: Registered piece material: DarkWood_worn_mat
[Success]: Registered piece material: woodwall5_worn
[Success]: Registered piece material: woodpole_gabro2
[Success]: Registered piece material: sunkenkit_stone_mat_interior 1_broken
[Success]: Registered piece material: sunkenkit_stone_mat_interior 2
[Success]: Registered piece material: woodwall5
[Success]: Registered piece material: fi_village_cathedral_base8
[Success]: Registered piece material: fi_village_walls2
[Success]: Registered piece material: sunkenkit_stone_mat_interior 9
[Success]: Registered piece material: Ironbeam_mat
[Success]: Registered piece material: fi_village_walls1
[Success]: Registered piece material: woodpole_gabro
[Success]: Registered piece material: sunkenkit_stone_mat_interior 13
[Success]: Registered piece material: hardwood_build8
[Success]: Registered piece material: sunkenkit_stone_mat_interior 1
[Success]: Registered piece material: flametalgateBroken_mat
[Success]: Registered piece material: flametalgate_mat
[Success]: Registered piece material: Fortresswall9
[Success]: Registered piece material: SecretDoor_mat
[Success]: Registered piece material: sunkenkit_stone_mat_interior 6
[Success]: Registered piece material: logwall
[Success]: Registered piece material: logwall_broken
[Success]: Registered piece material: fi_village_cathedral_base
[Success]: Registered piece material: blackmarble_movable
[Success]: Registered piece material: stonefloor_2x4
[Success]: Registered piece material: Gate
[Success]: Registered piece material: turfroof
[Success]: Registered piece material: Bush02_wood
[Success]: Registered piece material: woodwall_worn
[Success]: Registered piece material: straw_roof_corner_worn_alpha1
[Success]: Registered piece material: woodwall
[Success]: Registered piece material: stonepillar
[Success]: Registered piece material: stonepillar1
[Success]: Registered piece material: woodwall_lowlod
[Success]: Registered piece material: woodwall_worn_lowlod
[Success]: Registered piece material: blackmarble1
[Success]: Registered piece material: logwall
[Success]: Registered piece material: blackmarble_movable
[Success]: Registered piece material: blackmarble_worn
[Success]: Registered piece material: straw_roof_alpha2
[Success]: Registered piece material: straw_roof_corner_alpha1
[Success]: Registered piece material: cart_wood2
[Success]: Registered piece material: cart_wood_worn
[Success]: Registered piece material: initialShadingGroup_Base_color1
[Success]: Registered piece material: FineWoodBalRverse
[Success]: Registered piece material: FIneWoodBalReverseWorn
[Success]: Registered piece material: blackmarble_worn1
[Success]: Registered piece material: cart_wood3
[Success]: Registered piece material: cart_wood5
[Success]: Registered piece material: hardwood_build7
[Success]: Registered piece material: woodpole2
[Success]: Registered piece material: woodwall3
[Success]: Registered piece material: woodwall2
[Success]: Registered piece material: BlackWood_Worn_mat1
[Success]: Registered piece material: Ironbeam_Worn_mat
[Success]: Registered piece material: Ironbeam_mat1
[Success]: Registered piece material: blackmarble1
[Success]: Registered piece material: DvergerBossDoor1
[Success]: Registered piece material: stone_ladder
[Success]: Registered piece material: stone_ladder_worn
[Success]: Registered piece material: DarkWood_mat2
[Success]: Registered piece material: DarkWood_worn_mat1
[Success]: Registered piece material: dragonhead
[Success]: Registered piece material: dragonhead_worn
[Success]: Registered piece material: stonefloor_2x2_worn1
[Success]: Registered piece material: stone_stairs4
[Success]: Registered piece material: stone_stairsCORNER
[Success]: Registered piece material: CheesePiece
[Success]: Registered piece material: RoofShingles_worn1
[Success]: Registered piece material: RoofShingles1
[Success]: Registered piece material: woodwall_worn
[Success]: Registered piece material: hardwood_build2
[Success]: Registered piece material: stonefloor
[Success]: Registered piece material: stonefloor_worn
[Success]: Registered piece material: sunkenkit_stone_mat_interior 5
[Success]: Registered piece material: sunkenkit_stone_mat_interior 3
[Success]: Registered piece material: yggdrasil_branch1
[Success]: Registered piece material: yggdrasil_branch2
[Success]: Registered piece material: woodwall4
[Success]: Registered piece material: FineWoodBal1
[Success]: Registered piece material: CrystalAxe_mat3
[Success]: Registered piece material: CrystalAxe_mat4
[Success]: Registered piece material: stonefloor_2x7
[Success]: Registered piece material: stake
[Success]: Registered piece material: stake_old
[Success]: Registered piece material: Grausten_mat_var5
[Success]: Registered piece material: woodwall_worn
[Success]: Registered piece material: woodwall2
[Success]: Registered piece material: woodpole3
[Success]: Registered piece material: straw_roof_alpha3
[Success]: Registered piece material: stonefloor_2x2_worn
[Success]: Registered piece material: stonefloor_2x2
[Success]: Registered piece material: HexagonalBroken_mat
[Success]: Registered piece material: Hexagonal_mat
[Success]: Registered piece material: FineWoodBalRverse1
[Success]: Registered piece material: woodpole_worn1
[Success]: Registered piece material: dvergr_metal1
[Success]: Registered piece material: door_wood
[Success]: Registered piece material: itemstand
[Success]: Registered piece material: straw_roof_alpha4
[Success]: Registered piece material: straw_roof1
[Success]: Registered piece material: 3_lambert1_BaseColor
[Success]: Registered piece material: Stone_Pillar_Rnd_a1
[Success]: Registered piece material: Stone_Pillar_Sqr_a1
[Success]: Registered piece material: stonefloor_2x6
[Success]: Registered piece material: woodwall5
[Success]: Registered piece material: logwall_worn
[Success]: Registered piece material: sunkenkit_stone_mat_interior 14
[Success]: Registered piece material: stake
[Success]: Registered piece material: stake_old
[Success]: Registered piece material: hardwood_build5
[Success]: Registered piece material: sunkenkit_stone_mat_interior 4
[Success]: Registered piece material: straw_roof_worn_alpha2
[Debug]: [ZoneSystem SetupLocations] Generation textures time: 18ms
[Debug]: [ZoneSystem SetupLocations]: Registered 168 new materials
[Debug]: ZNet.Start
[Debug]: Reading last season change from, DropLand.Seasonality: 99709.7598370761
[Debug]: Next season scheduled in 9280.28 seconds
